2021/04/27 18:03:49 [emerg] 5492#11708: bind() to 0.0.0.0:80 failed (10013: Intento de acceso a un socket no permitido por sus permisos de acceso)
2021/04/27 18:09:08 [error] 388#10200: *2 CreateFile() "C:\opt\nginx-1.19.10/html/api" failed (2: El sistema no puede encontrar el archivo especificado), client: 127.0.0.1, server: localhost, request: "GET /api HTTP/1.1", host: "localhost:11500"
2021/04/27 18:25:19 [error] 2024#9476: *2 CreateFile() "C:\opt\nginx-1.19.10/html/pi" failed (2: El sistema no puede encontrar el archivo especificado), client: 127.0.0.1, server: localhost, request: "GET /pi HTTP/1.1", host: "localhost:11500"
2021/04/27 18:34:26 [error] 2024#9476: *19 CreateFile() "C:\opt\nginx-1.19.10/html/front" failed (2: El sistema no puede encontrar el archivo especificado), client: 127.0.0.1, server: localhost, request: "GET /front HTTP/1.1", host: "localhost:11500"
2021/04/27 18:34:43 [error] 2024#9476: *20 CreateFile() "C:\opt\nginx-1.19.10/html/front" failed (2: El sistema no puede encontrar el archivo especificado), client: 127.0.0.1, server: localhost, request: "GET /front HTTP/1.1", host: "localhost:11500"
2021/04/27 18:35:00 [error] 2024#9476: *21 "C:\opt\nginx-1.19.10/html/front/index.html" is not found (3: El sistema no puede encontrar la ruta especificada), client: 127.0.0.1, server: localhost, request: "GET /front/ HTTP/1.1", host: "localhost:11500"
2021/04/27 18:35:40 [error] 2024#9476: *22 CreateFile() "C:\opt\nginx-1.19.10/html/front" failed (2: El sistema no puede encontrar el archivo especificado), client: 127.0.0.1, server: localhost, request: "GET /front HTTP/1.1", host: "localhost:11500"
2021/04/27 18:39:39 [error] 2024#9476: *23 CreateFile() "C:\opt\nginx-1.19.10/html/front" failed (2: El sistema no puede encontrar el archivo especificado), client: 127.0.0.1, server: localhost, request: "GET /front HTTP/1.1", host: "localhost:11500"
2021/04/27 18:41:18 [error] 2024#9476: *26 CreateFile() "C:\opt\nginx-1.19.10/html/front" failed (2: El sistema no puede encontrar el archivo especificado), client: 127.0.0.1, server: localhost, request: "GET /front HTTP/1.1", host: "localhost:11500"
2021/04/27 18:41:45 [error] 2024#9476: *27 CreateFile() "C:\opt\nginx-1.19.10/html/front" failed (2: El sistema no puede encontrar el archivo especificado), client: 127.0.0.1, server: localhost, request: "GET /front HTTP/1.1", host: "localhost:11500"
2021/04/27 18:42:08 [error] 2024#9476: *28 CreateFile() "C:\opt\nginx-1.19.10/html/front" failed (2: El sistema no puede encontrar el archivo especificado), client: 127.0.0.1, server: localhost, request: "GET /front HTTP/1.1", host: "localhost:11500"
2021/04/27 18:44:00 [error] 2024#9476: *29 CreateFile() "C:\opt\nginx-1.19.10/html/front" failed (2: El sistema no puede encontrar el archivo especificado), client: 127.0.0.1, server: localhost, request: "GET /front HTTP/1.1", host: "localhost:11500"
2021/04/27 18:45:27 [error] 2024#9476: *34 CreateFile() "C:\opt\nginx-1.19.10/html/front" failed (2: El sistema no puede encontrar el archivo especificado), client: 127.0.0.1, server: localhost, request: "GET /front HTTP/1.1", host: "localhost:11500"
2021/04/27 18:46:04 [error] 2024#9476: *35 CreateFile() "C:\opt\nginx-1.19.10/html/front" failed (2: El sistema no puede encontrar el archivo especificado), client: 127.0.0.1, server: localhost, request: "GET /front HTTP/1.1", host: "localhost:11500"
2021/04/27 18:48:28 [error] 2024#9476: *40 CreateFile() "C:\opt\nginx-1.19.10/html/fr" failed (2: El sistema no puede encontrar el archivo especificado), client: 127.0.0.1, server: localhost, request: "GET /fr HTTP/1.1", host: "localhost:11500"
2021/04/27 18:49:22 [error] 2024#9476: *41 CreateFile() "C:\opt\nginx-1.19.10/html/fr" failed (2: El sistema no puede encontrar el archivo especificado), client: 127.0.0.1, server: localhost, request: "GET /fr HTTP/1.1", host: "localhost:11500"
2021/04/27 22:18:07 [error] 2024#9476: *78 CreateFile() "C:\opt\nginx-1.19.10/html/rest" failed (2: El sistema no puede encontrar el archivo especificado), client: 127.0.0.1, server: localhost, request: "GET /rest HTTP/1.1", host: "localhost:11500"
2021/04/27 22:18:48 [error] 2024#9476: *79 CreateFile() "C:\opt\nginx-1.19.10/html/rest" failed (2: El sistema no puede encontrar el archivo especificado), client: 127.0.0.1, server: localhost, request: "GET /rest HTTP/1.1", host: "localhost:11500"
2021/04/27 22:21:07 [error] 2024#9476: *89 CreateFile() "C:\opt\nginx-1.19.10/html/rest" failed (2: El sistema no puede encontrar el archivo especificado), client: 127.0.0.1, server: localhost, request: "GET /rest HTTP/1.1", host: "localhost:11500"
2021/04/27 22:21:15 [error] 2024#9476: *90 "C:\opt\nginx-1.19.10/html/rest/index.html" is not found (3: El sistema no puede encontrar la ruta especificada), client: 127.0.0.1, server: localhost, request: "GET /rest/ HTTP/1.1", host: "localhost:11500"
2021/04/27 22:21:20 [error] 2024#9476: *91 "C:\opt\nginx-1.19.10/html/rest/index.html" is not found (3: El sistema no puede encontrar la ruta especificada), client: 127.0.0.1, server: localhost, request: "GET /rest/ HTTP/1.1", host: "localhost:11500"
2021/04/27 22:21:21 [error] 2024#9476: *92 CreateFile() "C:\opt\nginx-1.19.10/html/rest" failed (2: El sistema no puede encontrar el archivo especificado), client: 127.0.0.1, server: localhost, request: "GET /rest HTTP/1.1", host: "localhost:11500"
2021/04/27 22:29:05 [error] 1104#7344: *4 SSL_do_handshake() failed (SSL: error:1408F10B:SSL routines:ssl3_get_record:wrong version number) while SSL handshaking to upstream, client: 127.0.0.1, server: localhost, request: "GET /rest HTTP/1.1", upstream: "https://[::1]:80/rest", host: "localhost:11500"
2021/04/27 22:29:05 [error] 1104#7344: *4 SSL_do_handshake() failed (SSL: error:1408F10B:SSL routines:ssl3_get_record:wrong version number) while SSL handshaking to upstream, client: 127.0.0.1, server: localhost, request: "GET /rest HTTP/1.1", upstream: "https://127.0.0.1:80/rest", host: "localhost:11500"
2021/04/27 22:34:36 [error] 7472#3516: *3 CreateFile() "C:\opt\nginx-1.19.10/html/favicon.ico" failed (2: El sistema no puede encontrar el archivo especificado), client: 127.0.0.1, server: localhost, request: "GET /favicon.ico HTTP/1.1", host: "localhost:11500", referrer: "http://localhost:11500/"
2021/04/27 22:34:40 [error] 7472#3516: *3 CreateFile() "C:\opt\nginx-1.19.10/html/css/bootstrap.css" failed (3: El sistema no puede encontrar la ruta especificada), client: 127.0.0.1, server: localhost, request: "GET /css/bootstrap.css HTTP/1.1", host: "localhost:11500", referrer: "http://localhost:11500/rest"
2021/04/27 22:34:40 [error] 7472#3516: *4 CreateFile() "C:\opt\nginx-1.19.10/html/css/album.css" failed (3: El sistema no puede encontrar la ruta especificada), client: 127.0.0.1, server: localhost, request: "GET /css/album.css HTTP/1.1", host: "localhost:11500", referrer: "http://localhost:11500/rest"
2021/04/27 22:34:40 [error] 7472#3516: *5 CreateFile() "C:\opt\nginx-1.19.10/html/js/misscripts.js" failed (3: El sistema no puede encontrar la ruta especificada), client: 127.0.0.1, server: localhost, request: "GET /js/misscripts.js HTTP/1.1", host: "localhost:11500", referrer: "http://localhost:11500/rest"
2021/04/27 22:34:40 [error] 7472#3516: *3 CreateFile() "C:\opt\nginx-1.19.10/html/js/miproxy.js" failed (3: El sistema no puede encontrar la ruta especificada), client: 127.0.0.1, server: localhost, request: "GET /js/miproxy.js HTTP/1.1", host: "localhost:11500", referrer: "http://localhost:11500/rest"
2021/04/27 22:34:40 [error] 7472#3516: *3 CreateFile() "C:\opt\nginx-1.19.10/html/js/misscripts.js" failed (3: El sistema no puede encontrar la ruta especificada), client: 127.0.0.1, server: localhost, request: "GET /js/misscripts.js HTTP/1.1", host: "localhost:11500", referrer: "http://localhost:11500/rest"
2021/04/27 22:34:40 [error] 7472#3516: *3 CreateFile() "C:\opt\nginx-1.19.10/html/js/miproxy.js" failed (3: El sistema no puede encontrar la ruta especificada), client: 127.0.0.1, server: localhost, request: "GET /js/miproxy.js HTTP/1.1", host: "localhost:11500", referrer: "http://localhost:11500/rest"
2021/04/27 22:35:00 [error] 7472#3516: *3 CreateFile() "C:\opt\nginx-1.19.10/html/css/bootstrap.css" failed (3: El sistema no puede encontrar la ruta especificada), client: 127.0.0.1, server: localhost, request: "GET /css/bootstrap.css HTTP/1.1", host: "localhost:11500", referrer: "http://localhost:11500/rest"
2021/04/27 22:35:00 [error] 7472#3516: *5 CreateFile() "C:\opt\nginx-1.19.10/html/css/album.css" failed (3: El sistema no puede encontrar la ruta especificada), client: 127.0.0.1, server: localhost, request: "GET /css/album.css HTTP/1.1", host: "localhost:11500", referrer: "http://localhost:11500/rest"
2021/04/27 22:35:00 [error] 7472#3516: *4 CreateFile() "C:\opt\nginx-1.19.10/html/js/misscripts.js" failed (3: El sistema no puede encontrar la ruta especificada), client: 127.0.0.1, server: localhost, request: "GET /js/misscripts.js HTTP/1.1", host: "localhost:11500", referrer: "http://localhost:11500/rest"
2021/04/27 22:35:00 [error] 7472#3516: *7 CreateFile() "C:\opt\nginx-1.19.10/html/js/miproxy.js" failed (3: El sistema no puede encontrar la ruta especificada), client: 127.0.0.1, server: localhost, request: "GET /js/miproxy.js HTTP/1.1", host: "localhost:11500", referrer: "http://localhost:11500/rest"
2021/04/27 22:35:00 [error] 7472#3516: *7 CreateFile() "C:\opt\nginx-1.19.10/html/js/misscripts.js" failed (3: El sistema no puede encontrar la ruta especificada), client: 127.0.0.1, server: localhost, request: "GET /js/misscripts.js HTTP/1.1", host: "localhost:11500", referrer: "http://localhost:11500/rest"
2021/04/27 22:35:00 [error] 7472#3516: *7 CreateFile() "C:\opt\nginx-1.19.10/html/js/miproxy.js" failed (3: El sistema no puede encontrar la ruta especificada), client: 127.0.0.1, server: localhost, request: "GET /js/miproxy.js HTTP/1.1", host: "localhost:11500", referrer: "http://localhost:11500/rest"
2021/04/27 22:35:07 [error] 7472#3516: *7 CreateFile() "C:\opt\nginx-1.19.10/html/css/bootstrap.css" failed (3: El sistema no puede encontrar la ruta especificada), client: 127.0.0.1, server: localhost, request: "GET /css/bootstrap.css HTTP/1.1", host: "localhost:11500", referrer: "http://localhost:11500/rest"
2021/04/27 22:35:07 [error] 7472#3516: *4 CreateFile() "C:\opt\nginx-1.19.10/html/css/album.css" failed (3: El sistema no puede encontrar la ruta especificada), client: 127.0.0.1, server: localhost, request: "GET /css/album.css HTTP/1.1", host: "localhost:11500", referrer: "http://localhost:11500/rest"
2021/04/27 22:35:10 [error] 7472#3516: *4 CreateFile() "C:\opt\nginx-1.19.10/html/css/bootstrap.css" failed (3: El sistema no puede encontrar la ruta especificada), client: 127.0.0.1, server: localhost, request: "GET /css/bootstrap.css HTTP/1.1", host: "localhost:11500", referrer: "http://localhost:11500/rest"
2021/04/27 22:35:10 [error] 7472#3516: *7 CreateFile() "C:\opt\nginx-1.19.10/html/css/album.css" failed (3: El sistema no puede encontrar la ruta especificada), client: 127.0.0.1, server: localhost, request: "GET /css/album.css HTTP/1.1", host: "localhost:11500", referrer: "http://localhost:11500/rest"
2021/04/27 22:35:10 [error] 7472#3516: *5 CreateFile() "C:\opt\nginx-1.19.10/html/js/misscripts.js" failed (3: El sistema no puede encontrar la ruta especificada), client: 127.0.0.1, server: localhost, request: "GET /js/misscripts.js HTTP/1.1", host: "localhost:11500", referrer: "http://localhost:11500/rest"
2021/04/27 22:35:10 [error] 7472#3516: *3 CreateFile() "C:\opt\nginx-1.19.10/html/js/miproxy.js" failed (3: El sistema no puede encontrar la ruta especificada), client: 127.0.0.1, server: localhost, request: "GET /js/miproxy.js HTTP/1.1", host: "localhost:11500", referrer: "http://localhost:11500/rest"
2021/04/27 22:35:14 [error] 7472#3516: *3 CreateFile() "C:\opt\nginx-1.19.10/html/css/bootstrap.css" failed (3: El sistema no puede encontrar la ruta especificada), client: 127.0.0.1, server: localhost, request: "GET /css/bootstrap.css HTTP/1.1", host: "localhost:11500", referrer: "http://localhost:11500/rest"
2021/04/27 22:35:14 [error] 7472#3516: *5 CreateFile() "C:\opt\nginx-1.19.10/html/css/album.css" failed (3: El sistema no puede encontrar la ruta especificada), client: 127.0.0.1, server: localhost, request: "GET /css/album.css HTTP/1.1", host: "localhost:11500", referrer: "http://localhost:11500/rest"
2021/04/27 22:35:14 [error] 7472#3516: *7 CreateFile() "C:\opt\nginx-1.19.10/html/js/misscripts.js" failed (3: El sistema no puede encontrar la ruta especificada), client: 127.0.0.1, server: localhost, request: "GET /js/misscripts.js HTTP/1.1", host: "localhost:11500", referrer: "http://localhost:11500/rest"
2021/04/27 22:35:14 [error] 7472#3516: *4 CreateFile() "C:\opt\nginx-1.19.10/html/js/miproxy.js" failed (3: El sistema no puede encontrar la ruta especificada), client: 127.0.0.1, server: localhost, request: "GET /js/miproxy.js HTTP/1.1", host: "localhost:11500", referrer: "http://localhost:11500/rest"
2021/04/27 22:35:17 [error] 7472#3516: *4 CreateFile() "C:\opt\nginx-1.19.10/html/css/bootstrap.css" failed (3: El sistema no puede encontrar la ruta especificada), client: 127.0.0.1, server: localhost, request: "GET /css/bootstrap.css HTTP/1.1", host: "localhost:11500", referrer: "http://localhost:11500/rest"
2021/04/27 22:35:17 [error] 7472#3516: *7 CreateFile() "C:\opt\nginx-1.19.10/html/css/album.css" failed (3: El sistema no puede encontrar la ruta especificada), client: 127.0.0.1, server: localhost, request: "GET /css/album.css HTTP/1.1", host: "localhost:11500", referrer: "http://localhost:11500/rest"
2021/04/27 22:35:17 [error] 7472#3516: *5 CreateFile() "C:\opt\nginx-1.19.10/html/js/misscripts.js" failed (3: El sistema no puede encontrar la ruta especificada), client: 127.0.0.1, server: localhost, request: "GET /js/misscripts.js HTTP/1.1", host: "localhost:11500", referrer: "http://localhost:11500/rest"
2021/04/27 22:35:17 [error] 7472#3516: *3 CreateFile() "C:\opt\nginx-1.19.10/html/js/miproxy.js" failed (3: El sistema no puede encontrar la ruta especificada), client: 127.0.0.1, server: localhost, request: "GET /js/miproxy.js HTTP/1.1", host: "localhost:11500", referrer: "http://localhost:11500/rest"
2021/04/27 22:35:17 [error] 7472#3516: *3 CreateFile() "C:\opt\nginx-1.19.10/html/js/misscripts.js" failed (3: El sistema no puede encontrar la ruta especificada), client: 127.0.0.1, server: localhost, request: "GET /js/misscripts.js HTTP/1.1", host: "localhost:11500", referrer: "http://localhost:11500/rest"
2021/04/27 22:35:17 [error] 7472#3516: *3 CreateFile() "C:\opt\nginx-1.19.10/html/js/miproxy.js" failed (3: El sistema no puede encontrar la ruta especificada), client: 127.0.0.1, server: localhost, request: "GET /js/miproxy.js HTTP/1.1", host: "localhost:11500", referrer: "http://localhost:11500/rest"
2021/04/27 22:35:17 [error] 7472#3516: *3 CreateFile() "C:\opt\nginx-1.19.10/html/favicon.ico" failed (2: El sistema no puede encontrar el archivo especificado), client: 127.0.0.1, server: localhost, request: "GET /favicon.ico HTTP/1.1", host: "localhost:11500", referrer: "http://localhost:11500/rest"
2021/04/27 22:36:28 [error] 1580#10068: *1 connect() failed (10061: No se puede establecer una conexión ya que el equipo de destino denegó expresamente dicha conexión) while connecting to upstream, client: 127.0.0.1, server: localhost, request: "GET /rest HTTP/1.1", upstream: "http://[::1]:80/rest", host: "localhost:11500"
2021/04/27 22:36:30 [error] 1580#10068: *1 connect() failed (10061: No se puede establecer una conexión ya que el equipo de destino denegó expresamente dicha conexión) while connecting to upstream, client: 127.0.0.1, server: localhost, request: "GET /rest HTTP/1.1", upstream: "http://127.0.0.1:80/rest", host: "localhost:11500"
2021/04/27 22:36:30 [error] 1580#10068: *1 no live upstreams while connecting to upstream, client: 127.0.0.1, server: localhost, request: "GET /favicon.ico HTTP/1.1", upstream: "http://localhost/favicon.ico", host: "localhost:11500", referrer: "http://localhost:11500/rest"
2021/04/27 22:36:31 [error] 1580#10068: *1 no live upstreams while connecting to upstream, client: 127.0.0.1, server: localhost, request: "GET /favicon.ico HTTP/1.1", upstream: "http://localhost/favicon.ico", host: "localhost:11500", referrer: "http://localhost:11500/"
2021/04/27 22:36:47 [error] 1580#10068: *6 connect() failed (10061: No se puede establecer una conexión ya que el equipo de destino denegó expresamente dicha conexión) while connecting to upstream, client: 127.0.0.1, server: localhost, request: "GET / HTTP/1.1", upstream: "http://127.0.0.1:80/", host: "localhost:11500"
2021/04/27 22:36:49 [error] 1580#10068: *6 connect() failed (10061: No se puede establecer una conexión ya que el equipo de destino denegó expresamente dicha conexión) while connecting to upstream, client: 127.0.0.1, server: localhost, request: "GET / HTTP/1.1", upstream: "http://[::1]:80/", host: "localhost:11500"
2021/04/27 22:37:04 [error] 1580#10068: *1 connect() failed (10061: No se puede establecer una conexión ya que el equipo de destino denegó expresamente dicha conexión) while connecting to upstream, client: 127.0.0.1, server: localhost, request: "GET / HTTP/1.1", upstream: "http://127.0.0.1:80/", host: "localhost:11500"
2021/04/27 22:37:06 [error] 1580#10068: *1 connect() failed (10061: No se puede establecer una conexión ya que el equipo de destino denegó expresamente dicha conexión) while connecting to upstream, client: 127.0.0.1, server: localhost, request: "GET / HTTP/1.1", upstream: "http://[::1]:80/", host: "localhost:11500"
2021/04/27 22:37:06 [error] 1580#10068: *1 no live upstreams while connecting to upstream, client: 127.0.0.1, server: localhost, request: "GET /favicon.ico HTTP/1.1", upstream: "http://localhost/favicon.ico", host: "localhost:11500", referrer: "http://localhost:11500/"
2021/04/27 23:59:02 [error] 9560#5628: *1 upstream timed out (10060: Se produjo un error durante el intento de conexión ya que la parte conectada no respondió adecuadamente tras un periodo de tiempo, o bien se produjo un error en la conexión establecida ya que el host conectado no ha podido responder) while reading response header from upstream, client: 127.0.0.1, server: localhost, request: "GET /api HTTP/1.1", upstream: "http://[::1]:3000/", host: "localhost:11500"
2021/04/28 00:00:02 [error] 9560#5628: *1 upstream timed out (10060: Se produjo un error durante el intento de conexión ya que la parte conectada no respondió adecuadamente tras un periodo de tiempo, o bien se produjo un error en la conexión establecida ya que el host conectado no ha podido responder) while reading response header from upstream, client: 127.0.0.1, server: localhost, request: "GET /api HTTP/1.1", upstream: "http://127.0.0.1:3000/", host: "localhost:11500"
2021/04/28 00:11:09 [error] 9280#3212: *1 no resolver defined to resolve localhost, client: 127.0.0.1, server: localhost, request: "GET /api/sarasa HTTP/1.1", host: "localhost:11500"
2021/04/28 00:11:51 [error] 9280#3212: *3 no resolver defined to resolve localhost, client: 127.0.0.1, server: localhost, request: "GET /api/ HTTP/1.1", host: "localhost:11500"
2021/04/28 00:15:47 [error] 648#5804: *1 no resolver defined to resolve apache, client: 127.0.0.1, server: localhost, request: "GET /api/ HTTP/1.1", host: "localhost:11500"
2021/04/28 00:17:07 [error] 5016#9228: *3 no resolver defined to resolve localhost, client: 127.0.0.1, server: localhost, request: "GET /api/ HTTP/1.1", host: "localhost:11500"
2021/04/28 00:17:19 [error] 5016#9228: *4 no resolver defined to resolve localhost, client: 127.0.0.1, server: localhost, request: "GET /api/a HTTP/1.1", host: "localhost:11500"
2021/04/28 00:18:16 [emerg] 9308#8: invalid variable name in C:\opt\nginx-1.19.10/conf/nginx.conf:44
2021/04/29 11:55:37 [emerg] 12316#7012: CreateFile() "C:\opt\nginx-1.19.10/conf/nginx.conf" failed (2: El sistema no puede encontrar el archivo especificado)
2021/04/29 11:55:37 [alert] 7896#11576: worker process 12316 exited with code 1
2021/04/29 11:55:37 [alert] 7896#11576: could not respawn worker
2021/05/03 18:03:24 [error] 9072#1556: *1 connect() failed (10061: No se puede establecer una conexión ya que el equipo de destino denegó expresamente dicha conexión) while connecting to upstream, client: 127.0.0.1, server: localhost, request: "GET / HTTP/1.1", upstream: "http://[::1]:4200/", host: "127.0.0.1:11500"
2021/05/03 18:03:38 [error] 9072#1556: *54 connect() failed (10061: No se puede establecer una conexión ya que el equipo de destino denegó expresamente dicha conexión) while connecting to upstream, client: 127.0.0.1, server: localhost, request: "GET /sockjs-node/info?t=1620075816686 HTTP/1.1", upstream: "http://[::1]:4200/sockjs-node/info?t=1620075816686", host: "127.0.0.1:11500", referrer: "http://127.0.0.1:11500/home"
2021/05/03 18:03:58 [error] 9072#1556: *66 connect() failed (10061: No se puede establecer una conexión ya que el equipo de destino denegó expresamente dicha conexión) while connecting to upstream, client: 127.0.0.1, server: localhost, request: "GET /sockjs-node/info?t=1620075836359 HTTP/1.1", upstream: "http://[::1]:4200/sockjs-node/info?t=1620075836359", host: "127.0.0.1:11500", referrer: "http://127.0.0.1:11500/home"
2021/05/03 18:04:17 [error] 9072#1556: *58 connect() failed (10061: No se puede establecer una conexión ya que el equipo de destino denegó expresamente dicha conexión) while connecting to upstream, client: 127.0.0.1, server: localhost, request: "GET /sockjs-node/265/5ia14oiz/eventsource HTTP/1.1", upstream: "http://[::1]:4200/sockjs-node/265/5ia14oiz/eventsource", host: "127.0.0.1:11500", referrer: "http://127.0.0.1:11500/sockjs-node/iframe.html"
2021/05/03 18:04:32 [error] 9072#1556: *124 connect() failed (10061: No se puede establecer una conexión ya que el equipo de destino denegó expresamente dicha conexión) while connecting to upstream, client: 127.0.0.1, server: localhost, request: "GET /sockjs-node/info?t=1620075870326 HTTP/1.1", upstream: "http://[::1]:4200/sockjs-node/info?t=1620075870326", host: "127.0.0.1:11500", referrer: "http://127.0.0.1:11500/home"
2021/05/03 18:04:55 [error] 9072#1556: *136 connect() failed (10061: No se puede establecer una conexión ya que el equipo de destino denegó expresamente dicha conexión) while connecting to upstream, client: 127.0.0.1, server: localhost, request: "GET /sockjs-node/info?t=1620075893540 HTTP/1.1", upstream: "http://[::1]:4200/sockjs-node/info?t=1620075893540", host: "127.0.0.1:11500", referrer: "http://127.0.0.1:11500/home"
2021/05/03 18:05:34 [error] 9072#1556: *144 connect() failed (10061: No se puede establecer una conexión ya que el equipo de destino denegó expresamente dicha conexión) while connecting to upstream, client: 127.0.0.1, server: localhost, request: "GET /runtime.js HTTP/1.1", upstream: "http://[::1]:4200/runtime.js", host: "127.0.0.1:11500", referrer: "http://127.0.0.1:11500/"
2021/05/03 18:05:49 [error] 9072#1556: *207 connect() failed (10061: No se puede establecer una conexión ya que el equipo de destino denegó expresamente dicha conexión) while connecting to upstream, client: 127.0.0.1, server: localhost, request: "GET /sockjs-node/info?t=1620075947197 HTTP/1.1", upstream: "http://[::1]:4200/sockjs-node/info?t=1620075947197", host: "127.0.0.1:11500", referrer: "http://127.0.0.1:11500/usuarios"
2021/05/03 18:06:07 [error] 9072#1556: *214 connect() failed (10061: No se puede establecer una conexión ya que el equipo de destino denegó expresamente dicha conexión) while connecting to upstream, client: 127.0.0.1, server: localhost, request: "GET /sockjs-node/775/pjt0youd/eventsource HTTP/1.1", upstream: "http://[::1]:4200/sockjs-node/775/pjt0youd/eventsource", host: "127.0.0.1:11500", referrer: "http://127.0.0.1:11500/sockjs-node/iframe.html"
2021/05/03 18:06:21 [error] 9072#1556: *262 connect() failed (10061: No se puede establecer una conexión ya que el equipo de destino denegó expresamente dicha conexión) while connecting to upstream, client: 127.0.0.1, server: localhost, request: "POST /sockjs-node/590/d3r5rqej/xhr?t=1620075979764 HTTP/1.1", upstream: "http://[::1]:4200/sockjs-node/590/d3r5rqej/xhr?t=1620075979764", host: "127.0.0.1:11500", referrer: "http://127.0.0.1:11500/usuarios"
2021/05/03 18:07:38 [error] 9072#1556: *262 connect() failed (10061: No se puede establecer una conexión ya que el equipo de destino denegó expresamente dicha conexión) while connecting to upstream, client: 127.0.0.1, server: localhost, request: "POST /sockjs-node/590/d3r5rqej/xhr?t=1620076056915 HTTP/1.1", upstream: "http://[::1]:4200/sockjs-node/590/d3r5rqej/xhr?t=1620076056915", host: "127.0.0.1:11500", referrer: "http://127.0.0.1:11500/usuarios"
2021/05/03 18:08:56 [error] 9072#1556: *262 connect() failed (10061: No se puede establecer una conexión ya que el equipo de destino denegó expresamente dicha conexión) while connecting to upstream, client: 127.0.0.1, server: localhost, request: "POST /sockjs-node/590/d3r5rqej/xhr?t=1620076134031 HTTP/1.1", upstream: "http://[::1]:4200/sockjs-node/590/d3r5rqej/xhr?t=1620076134031", host: "127.0.0.1:11500", referrer: "http://127.0.0.1:11500/usuarios"
2021/05/03 18:10:13 [error] 9072#1556: *262 connect() failed (10061: No se puede establecer una conexión ya que el equipo de destino denegó expresamente dicha conexión) while connecting to upstream, client: 127.0.0.1, server: localhost, request: "POST /sockjs-node/590/d3r5rqej/xhr?t=1620076211151 HTTP/1.1", upstream: "http://[::1]:4200/sockjs-node/590/d3r5rqej/xhr?t=1620076211151", host: "127.0.0.1:11500", referrer: "http://127.0.0.1:11500/usuarios"
2021/05/03 18:10:59 [error] 4612#2212: *1 connect() failed (10061: No se puede establecer una conexión ya que el equipo de destino denegó expresamente dicha conexión) while connecting to upstream, client: 127.0.0.1, server: localhost, request: "GET /sockjs-node/info?t=1620076257548 HTTP/1.1", upstream: "http://[::1]:4200/sockjs-node/info?t=1620076257548", host: "127.0.0.1:11500", referrer: "http://127.0.0.1:11500/usuarios"
2021/05/03 18:11:19 [error] 4612#2212: *7 connect() failed (10061: No se puede establecer una conexión ya que el equipo de destino denegó expresamente dicha conexión) while connecting to upstream, client: 127.0.0.1, server: localhost, request: "GET /sockjs-node/info?t=1620076276995 HTTP/1.1", upstream: "http://[::1]:4200/sockjs-node/info?t=1620076276995", host: "127.0.0.1:11500", referrer: "http://127.0.0.1:11500/usuarios"
2021/05/03 18:11:26 [error] 4612#2212: *17 connect() failed (10061: No se puede establecer una conexión ya que el equipo de destino denegó expresamente dicha conexión) while connecting to upstream, client: 127.0.0.1, server: localhost, request: "GET /nodeapi/usuarios/all HTTP/1.1", upstream: "http://127.0.0.1:3000/api/usuarios/all", host: "127.0.0.1:11500", referrer: "http://127.0.0.1:11500/usuarios"
2021/05/03 18:11:29 [error] 4612#2212: *17 connect() failed (10061: No se puede establecer una conexión ya que el equipo de destino denegó expresamente dicha conexión) while connecting to upstream, client: 127.0.0.1, server: localhost, request: "GET /nodeapi/usuarios/all HTTP/1.1", upstream: "http://127.0.0.1:3000/api/usuarios/all", host: "127.0.0.1:11500", referrer: "http://127.0.0.1:11500/usuarios"
2021/05/03 18:11:38 [error] 4612#2212: *17 connect() failed (10061: No se puede establecer una conexión ya que el equipo de destino denegó expresamente dicha conexión) while connecting to upstream, client: 127.0.0.1, server: localhost, request: "GET /sockjs-node/info?t=1620076296854 HTTP/1.1", upstream: "http://[::1]:4200/sockjs-node/info?t=1620076296854", host: "127.0.0.1:11500", referrer: "http://127.0.0.1:11500/usuarios"
2021/05/03 18:11:58 [error] 4612#2212: *27 connect() failed (10061: No se puede establecer una conexión ya que el equipo de destino denegó expresamente dicha conexión) while connecting to upstream, client: 127.0.0.1, server: localhost, request: "GET /sockjs-node/info?t=1620076316797 HTTP/1.1", upstream: "http://[::1]:4200/sockjs-node/info?t=1620076316797", host: "127.0.0.1:11500", referrer: "http://127.0.0.1:11500/usuarios"
2021/05/03 18:12:18 [error] 4612#2212: *35 connect() failed (10061: No se puede establecer una conexión ya que el equipo de destino denegó expresamente dicha conexión) while connecting to upstream, client: 127.0.0.1, server: localhost, request: "GET /nodeapi/usuarios/all HTTP/1.1", upstream: "http://127.0.0.1:3000/api/usuarios/all", host: "127.0.0.1:11500", referrer: "http://127.0.0.1:11500/usuarios"
2021/05/03 18:12:18 [error] 4612#2212: *39 connect() failed (10061: No se puede establecer una conexión ya que el equipo de destino denegó expresamente dicha conexión) while connecting to upstream, client: 127.0.0.1, server: localhost, request: "GET /sockjs-node/info?t=1620076336371 HTTP/1.1", upstream: "http://[::1]:4200/sockjs-node/info?t=1620076336371", host: "127.0.0.1:11500", referrer: "http://127.0.0.1:11500/usuarios"
2021/05/03 18:12:37 [error] 4612#2212: *35 connect() failed (10061: No se puede establecer una conexión ya que el equipo de destino denegó expresamente dicha conexión) while connecting to upstream, client: 127.0.0.1, server: localhost, request: "GET /sockjs-node/info?t=1620076355869 HTTP/1.1", upstream: "http://[::1]:4200/sockjs-node/info?t=1620076355869", host: "127.0.0.1:11500", referrer: "http://127.0.0.1:11500/usuarios"
2021/05/03 18:12:57 [error] 4612#2212: *54 connect() failed (10061: No se puede establecer una conexión ya que el equipo de destino denegó expresamente dicha conexión) while connecting to upstream, client: 127.0.0.1, server: localhost, request: "GET /sockjs-node/info?t=1620076375584 HTTP/1.1", upstream: "http://[::1]:4200/sockjs-node/info?t=1620076375584", host: "127.0.0.1:11500", referrer: "http://127.0.0.1:11500/usuarios"
2021/05/03 18:13:14 [error] 4612#2212: *65 connect() failed (10061: No se puede establecer una conexión ya que el equipo de destino denegó expresamente dicha conexión) while connecting to upstream, client: 127.0.0.1, server: localhost, request: "GET /runtime.js HTTP/1.1", upstream: "http://[::1]:4200/runtime.js", host: "127.0.0.1:11500", referrer: "http://127.0.0.1:11500/usuarios"
2021/05/03 18:13:29 [error] 4612#2212: *126 connect() failed (10061: No se puede establecer una conexión ya que el equipo de destino denegó expresamente dicha conexión) while connecting to upstream, client: 127.0.0.1, server: localhost, request: "GET /sockjs-node/info?t=1620076407503 HTTP/1.1", upstream: "http://[::1]:4200/sockjs-node/info?t=1620076407503", host: "127.0.0.1:11500", referrer: "http://127.0.0.1:11500/usuarios"
2021/05/03 18:13:30 [error] 4612#2212: *134 connect() failed (10061: No se puede establecer una conexión ya que el equipo de destino denegó expresamente dicha conexión) while connecting to upstream, client: 127.0.0.1, server: localhost, request: "GET /styles.js.map HTTP/1.1", upstream: "http://[::1]:4200/styles.js.map", host: "127.0.0.1:11500"
2021/05/03 18:13:30 [error] 4612#2212: *138 connect() failed (10061: No se puede establecer una conexión ya que el equipo de destino denegó expresamente dicha conexión) while connecting to upstream, client: 127.0.0.1, server: localhost, request: "GET /main.js.map HTTP/1.1", upstream: "http://[::1]:4200/main.js.map", host: "127.0.0.1:11500"
2021/05/03 18:13:30 [error] 4612#2212: *129 connect() failed (10061: No se puede establecer una conexión ya que el equipo de destino denegó expresamente dicha conexión) while connecting to upstream, client: 127.0.0.1, server: localhost, request: "GET /runtime.js.map HTTP/1.1", upstream: "http://[::1]:4200/runtime.js.map", host: "127.0.0.1:11500"
2021/05/03 18:13:49 [error] 4612#2212: *129 connect() failed (10061: No se puede establecer una conexión ya que el equipo de destino denegó expresamente dicha conexión) while connecting to upstream, client: 127.0.0.1, server: localhost, request: "GET /sockjs-node/info?t=1620076427012 HTTP/1.1", upstream: "http://[::1]:4200/sockjs-node/info?t=1620076427012", host: "127.0.0.1:11500", referrer: "http://127.0.0.1:11500/usuarios"
2021/05/03 18:14:03 [error] 4612#2212: *201 connect() failed (10061: No se puede establecer una conexión ya que el equipo de destino denegó expresamente dicha conexión) while connecting to upstream, client: 127.0.0.1, server: localhost, request: "GET /sockjs-node/info?t=1620076441796 HTTP/1.1", upstream: "http://[::1]:4200/sockjs-node/info?t=1620076441796", host: "127.0.0.1:11500", referrer: "http://127.0.0.1:11500/usuarios"
2021/05/03 18:14:22 [error] 4612#2212: *204 connect() failed (10061: No se puede establecer una conexión ya que el equipo de destino denegó expresamente dicha conexión) while connecting to upstream, client: 127.0.0.1, server: localhost, request: "GET /sockjs-node/178/io1czurg/eventsource HTTP/1.1", upstream: "http://[::1]:4200/sockjs-node/178/io1czurg/eventsource", host: "127.0.0.1:11500", referrer: "http://127.0.0.1:11500/sockjs-node/iframe.html"
2021/05/03 18:14:40 [error] 4612#2212: *269 connect() failed (10061: No se puede establecer una conexión ya que el equipo de destino denegó expresamente dicha conexión) while connecting to upstream, client: 127.0.0.1, server: localhost, request: "POST /sockjs-node/435/s4lewnju/xhr?t=1620076478685 HTTP/1.1", upstream: "http://[::1]:4200/sockjs-node/435/s4lewnju/xhr?t=1620076478685", host: "127.0.0.1:11500", referrer: "http://127.0.0.1:11500/home"
2021/05/03 18:15:57 [error] 4612#2212: *269 connect() failed (10061: No se puede establecer una conexión ya que el equipo de destino denegó expresamente dicha conexión) while connecting to upstream, client: 127.0.0.1, server: localhost, request: "POST /sockjs-node/435/s4lewnju/xhr?t=1620076555828 HTTP/1.1", upstream: "http://[::1]:4200/sockjs-node/435/s4lewnju/xhr?t=1620076555828", host: "127.0.0.1:11500", referrer: "http://127.0.0.1:11500/home"
2021/05/03 18:17:15 [error] 4612#2212: *269 connect() failed (10061: No se puede establecer una conexión ya que el equipo de destino denegó expresamente dicha conexión) while connecting to upstream, client: 127.0.0.1, server: localhost, request: "POST /sockjs-node/435/s4lewnju/xhr?t=1620076632969 HTTP/1.1", upstream: "http://[::1]:4200/sockjs-node/435/s4lewnju/xhr?t=1620076632969", host: "127.0.0.1:11500", referrer: "http://127.0.0.1:11500/home"
2021/05/03 18:18:27 [error] 4612#2212: *269 WSARecv() failed (10054: Se ha forzado la interrupción de una conexión existente por el host remoto) while reading response header from upstream, client: 127.0.0.1, server: localhost, request: "POST /sockjs-node/435/s4lewnju/xhr?t=1620076685070 HTTP/1.1", upstream: "http://127.0.0.1:4200/sockjs-node/435/s4lewnju/xhr?t=1620076685070", host: "127.0.0.1:11500", referrer: "http://127.0.0.1:11500/home"
2021/05/03 18:18:31 [error] 4612#2212: *269 connect() failed (10061: No se puede establecer una conexión ya que el equipo de destino denegó expresamente dicha conexión) while connecting to upstream, client: 127.0.0.1, server: localhost, request: "GET /sockjs-node/info?t=1620076709062 HTTP/1.1", upstream: "http://[::1]:4200/sockjs-node/info?t=1620076709062", host: "127.0.0.1:11500", referrer: "http://127.0.0.1:11500/home"
2021/05/03 18:18:31 [error] 4612#2212: *269 no live upstreams while connecting to upstream, client: 127.0.0.1, server: localhost, request: "GET /sockjs-node/info?t=1620076709062 HTTP/1.1", upstream: "http://localhost/sockjs-node/info?t=1620076709062", host: "127.0.0.1:11500", referrer: "http://127.0.0.1:11500/home"
2021/05/03 18:18:34 [error] 4612#2212: *269 no live upstreams while connecting to upstream, client: 127.0.0.1, server: localhost, request: "GET /sockjs-node/info?t=1620076714061 HTTP/1.1", upstream: "http://localhost/sockjs-node/info?t=1620076714061", host: "127.0.0.1:11500", referrer: "http://127.0.0.1:11500/home"
2021/05/03 18:18:41 [error] 4612#2212: *269 connect() failed (10061: No se puede establecer una conexión ya que el equipo de destino denegó expresamente dicha conexión) while connecting to upstream, client: 127.0.0.1, server: localhost, request: "GET /sockjs-node/info?t=1620076719065 HTTP/1.1", upstream: "http://127.0.0.1:4200/sockjs-node/info?t=1620076719065", host: "127.0.0.1:11500", referrer: "http://127.0.0.1:11500/home"
2021/05/03 18:18:41 [error] 4612#2212: *269 no live upstreams while connecting to upstream, client: 127.0.0.1, server: localhost, request: "GET /sockjs-node/info?t=1620076719065 HTTP/1.1", upstream: "http://localhost/sockjs-node/info?t=1620076719065", host: "127.0.0.1:11500", referrer: "http://127.0.0.1:11500/home"
2021/05/03 18:18:52 [error] 4612#2212: *269 connect() failed (10061: No se puede establecer una conexión ya que el equipo de destino denegó expresamente dicha conexión) while connecting to upstream, client: 127.0.0.1, server: localhost, request: "GET /sockjs-node/info?t=1620076730059 HTTP/1.1", upstream: "http://[::1]:4200/sockjs-node/info?t=1620076730059", host: "127.0.0.1:11500", referrer: "http://127.0.0.1:11500/home"
2021/05/03 18:18:54 [error] 4612#2212: *269 connect() failed (10061: No se puede establecer una conexión ya que el equipo de destino denegó expresamente dicha conexión) while connecting to upstream, client: 127.0.0.1, server: localhost, request: "GET /sockjs-node/info?t=1620076730059 HTTP/1.1", upstream: "http://127.0.0.1:4200/sockjs-node/info?t=1620076730059", host: "127.0.0.1:11500", referrer: "http://127.0.0.1:11500/home"
2021/05/03 18:19:13 [error] 4612#2212: *269 connect() failed (10061: No se puede establecer una conexión ya que el equipo de destino denegó expresamente dicha conexión) while connecting to upstream, client: 127.0.0.1, server: localhost, request: "GET /sockjs-node/info?t=1620076751064 HTTP/1.1", upstream: "http://[::1]:4200/sockjs-node/info?t=1620076751064", host: "127.0.0.1:11500", referrer: "http://127.0.0.1:11500/home"
2021/05/03 18:19:15 [error] 4612#2212: *269 connect() failed (10061: No se puede establecer una conexión ya que el equipo de destino denegó expresamente dicha conexión) while connecting to upstream, client: 127.0.0.1, server: localhost, request: "GET /sockjs-node/info?t=1620076751064 HTTP/1.1", upstream: "http://127.0.0.1:4200/sockjs-node/info?t=1620076751064", host: "127.0.0.1:11500", referrer: "http://127.0.0.1:11500/home"
2021/05/03 18:19:50 [error] 4612#2212: *269 connect() failed (10061: No se puede establecer una conexión ya que el equipo de destino denegó expresamente dicha conexión) while connecting to upstream, client: 127.0.0.1, server: localhost, request: "GET /sockjs-node/info?t=1620076788063 HTTP/1.1", upstream: "http://[::1]:4200/sockjs-node/info?t=1620076788063", host: "127.0.0.1:11500", referrer: "http://127.0.0.1:11500/home"
2021/05/03 18:19:52 [error] 4612#2212: *269 connect() failed (10061: No se puede establecer una conexión ya que el equipo de destino denegó expresamente dicha conexión) while connecting to upstream, client: 127.0.0.1, server: localhost, request: "GET /sockjs-node/info?t=1620076788063 HTTP/1.1", upstream: "http://127.0.0.1:4200/sockjs-node/info?t=1620076788063", host: "127.0.0.1:11500", referrer: "http://127.0.0.1:11500/home"
2021/05/03 18:20:59 [error] 4612#2212: *269 connect() failed (10061: No se puede establecer una conexión ya que el equipo de destino denegó expresamente dicha conexión) while connecting to upstream, client: 127.0.0.1, server: localhost, request: "GET /sockjs-node/info?t=1620076857062 HTTP/1.1", upstream: "http://[::1]:4200/sockjs-node/info?t=1620076857062", host: "127.0.0.1:11500", referrer: "http://127.0.0.1:11500/home"
2021/05/03 18:21:01 [error] 4612#2212: *269 connect() failed (10061: No se puede establecer una conexión ya que el equipo de destino denegó expresamente dicha conexión) while connecting to upstream, client: 127.0.0.1, server: localhost, request: "GET /sockjs-node/info?t=1620076857062 HTTP/1.1", upstream: "http://127.0.0.1:4200/sockjs-node/info?t=1620076857062", host: "127.0.0.1:11500", referrer: "http://127.0.0.1:11500/home"
2021/05/03 18:23:12 [error] 4612#2212: *294 connect() failed (10061: No se puede establecer una conexión ya que el equipo de destino denegó expresamente dicha conexión) while connecting to upstream, client: 127.0.0.1, server: localhost, request: "GET /sockjs-node/info?t=1620076990061 HTTP/1.1", upstream: "http://[::1]:4200/sockjs-node/info?t=1620076990061", host: "127.0.0.1:11500", referrer: "http://127.0.0.1:11500/home"
2021/05/03 18:23:14 [error] 4612#2212: *294 connect() failed (10061: No se puede establecer una conexión ya que el equipo de destino denegó expresamente dicha conexión) while connecting to upstream, client: 127.0.0.1, server: localhost, request: "GET /sockjs-node/info?t=1620076990061 HTTP/1.1", upstream: "http://127.0.0.1:4200/sockjs-node/info?t=1620076990061", host: "127.0.0.1:11500", referrer: "http://127.0.0.1:11500/home"
2021/05/03 18:26:48 [error] 4612#2212: *297 connect() failed (10061: No se puede establecer una conexión ya que el equipo de destino denegó expresamente dicha conexión) while connecting to upstream, client: 127.0.0.1, server: localhost, request: "GET / HTTP/1.1", upstream: "http://[::1]:4200/", host: "127.0.0.1:11500", referrer: "http://127.0.0.1:11500/home"
2021/05/03 18:26:50 [error] 4612#2212: *297 connect() failed (10061: No se puede establecer una conexión ya que el equipo de destino denegó expresamente dicha conexión) while connecting to upstream, client: 127.0.0.1, server: localhost, request: "GET / HTTP/1.1", upstream: "http://127.0.0.1:4200/", host: "127.0.0.1:11500", referrer: "http://127.0.0.1:11500/home"
2021/05/03 18:26:52 [error] 4612#2212: *297 no live upstreams while connecting to upstream, client: 127.0.0.1, server: localhost, request: "GET /sockjs-node/info?t=1620077212150 HTTP/1.1", upstream: "http://localhost/sockjs-node/info?t=1620077212150", host: "127.0.0.1:11500", referrer: "http://127.0.0.1:11500/home"
2021/05/03 18:26:53 [error] 4612#2212: *297 no live upstreams while connecting to upstream, client: 127.0.0.1, server: localhost, request: "GET /sockjs-node/info?t=1620077213208 HTTP/1.1", upstream: "http://localhost/sockjs-node/info?t=1620077213208", host: "127.0.0.1:11500", referrer: "http://127.0.0.1:11500/home"
2021/05/03 18:26:55 [error] 4612#2212: *297 no live upstreams while connecting to upstream, client: 127.0.0.1, server: localhost, request: "GET /sockjs-node/info?t=1620077215312 HTTP/1.1", upstream: "http://localhost/sockjs-node/info?t=1620077215312", host: "127.0.0.1:11500", referrer: "http://127.0.0.1:11500/home"
2021/05/03 18:27:01 [error] 4612#2212: *297 connect() failed (10061: No se puede establecer una conexión ya que el equipo de destino denegó expresamente dicha conexión) while connecting to upstream, client: 127.0.0.1, server: localhost, request: "GET /sockjs-node/info?t=1620077219392 HTTP/1.1", upstream: "http://[::1]:4200/sockjs-node/info?t=1620077219392", host: "127.0.0.1:11500", referrer: "http://127.0.0.1:11500/usuarios"
2021/05/03 18:27:03 [error] 4612#2212: *297 connect() failed (10061: No se puede establecer una conexión ya que el equipo de destino denegó expresamente dicha conexión) while connecting to upstream, client: 127.0.0.1, server: localhost, request: "GET /sockjs-node/info?t=1620077219392 HTTP/1.1", upstream: "http://127.0.0.1:4200/sockjs-node/info?t=1620077219392", host: "127.0.0.1:11500", referrer: "http://127.0.0.1:11500/usuarios"
2021/05/03 18:27:08 [error] 4612#2212: *297 no live upstreams while connecting to upstream, client: 127.0.0.1, server: localhost, request: "GET /styles.css HTTP/1.1", upstream: "http://localhost/styles.css", host: "127.0.0.1:11500", referrer: "http://127.0.0.1:11500/productos"
2021/05/03 18:27:08 [error] 4612#2212: *297 no live upstreams while connecting to upstream, client: 127.0.0.1, server: localhost, request: "GET /runtime.js.map HTTP/1.1", upstream: "http://localhost/runtime.js.map", host: "127.0.0.1:11500"
2021/05/03 18:27:08 [error] 4612#2212: *298 no live upstreams while connecting to upstream, client: 127.0.0.1, server: localhost, request: "GET /polyfills.js.map HTTP/1.1", upstream: "http://localhost/polyfills.js.map", host: "127.0.0.1:11500"
2021/05/03 18:27:08 [error] 4612#2212: *297 no live upstreams while connecting to upstream, client: 127.0.0.1, server: localhost, request: "GET /styles.js.map HTTP/1.1", upstream: "http://localhost/styles.js.map", host: "127.0.0.1:11500"
2021/05/03 18:27:08 [error] 4612#2212: *298 no live upstreams while connecting to upstream, client: 127.0.0.1, server: localhost, request: "GET /vendor.js.map HTTP/1.1", upstream: "http://localhost/vendor.js.map", host: "127.0.0.1:11500"
2021/05/03 18:27:08 [error] 4612#2212: *303 no live upstreams while connecting to upstream, client: 127.0.0.1, server: localhost, request: "GET /main.js.map HTTP/1.1", upstream: "http://localhost/main.js.map", host: "127.0.0.1:11500"
2021/05/03 18:27:11 [error] 4612#2212: *303 no live upstreams while connecting to upstream, client: 127.0.0.1, server: localhost, request: "GET /sockjs-node/info?t=1620077231539 HTTP/1.1", upstream: "http://localhost/sockjs-node/info?t=1620077231539", host: "127.0.0.1:11500", referrer: "http://127.0.0.1:11500/productos"
2021/05/03 18:27:29 [error] 4612#2212: *303 connect() failed (10061: No se puede establecer una conexión ya que el equipo de destino denegó expresamente dicha conexión) while connecting to upstream, client: 127.0.0.1, server: localhost, request: "GET /sockjs-node/info?t=1620077247579 HTTP/1.1", upstream: "http://[::1]:4200/sockjs-node/info?t=1620077247579", host: "127.0.0.1:11500", referrer: "http://127.0.0.1:11500/productos"
2021/05/03 18:27:31 [error] 4612#2212: *303 connect() failed (10061: No se puede establecer una conexión ya que el equipo de destino denegó expresamente dicha conexión) while connecting to upstream, client: 127.0.0.1, server: localhost, request: "GET /sockjs-node/info?t=1620077247579 HTTP/1.1", upstream: "http://127.0.0.1:4200/sockjs-node/info?t=1620077247579", host: "127.0.0.1:11500", referrer: "http://127.0.0.1:11500/productos"
2021/05/03 18:28:05 [error] 4612#2212: *303 connect() failed (10061: No se puede establecer una conexión ya que el equipo de destino denegó expresamente dicha conexión) while connecting to upstream, client: 127.0.0.1, server: localhost, request: "GET /sockjs-node/info?t=1620077283715 HTTP/1.1", upstream: "http://[::1]:4200/sockjs-node/info?t=1620077283715", host: "127.0.0.1:11500", referrer: "http://127.0.0.1:11500/productos"
2021/05/03 18:28:07 [error] 4612#2212: *303 connect() failed (10061: No se puede establecer una conexión ya que el equipo de destino denegó expresamente dicha conexión) while connecting to upstream, client: 127.0.0.1, server: localhost, request: "GET /sockjs-node/info?t=1620077283715 HTTP/1.1", upstream: "http://127.0.0.1:4200/sockjs-node/info?t=1620077283715", host: "127.0.0.1:11500", referrer: "http://127.0.0.1:11500/productos"
2021/05/03 18:29:13 [error] 4612#2212: *303 connect() failed (10061: No se puede establecer una conexión ya que el equipo de destino denegó expresamente dicha conexión) while connecting to upstream, client: 127.0.0.1, server: localhost, request: "GET /sockjs-node/info?t=1620077351781 HTTP/1.1", upstream: "http://[::1]:4200/sockjs-node/info?t=1620077351781", host: "127.0.0.1:11500", referrer: "http://127.0.0.1:11500/productos"
2021/05/03 18:29:15 [error] 4612#2212: *303 connect() failed (10061: No se puede establecer una conexión ya que el equipo de destino denegó expresamente dicha conexión) while connecting to upstream, client: 127.0.0.1, server: localhost, request: "GET /sockjs-node/info?t=1620077351781 HTTP/1.1", upstream: "http://127.0.0.1:4200/sockjs-node/info?t=1620077351781", host: "127.0.0.1:11500", referrer: "http://127.0.0.1:11500/productos"
2021/05/03 18:31:26 [error] 4612#2212: *311 connect() failed (10061: No se puede establecer una conexión ya que el equipo de destino denegó expresamente dicha conexión) while connecting to upstream, client: 127.0.0.1, server: localhost, request: "GET /sockjs-node/info?t=1620077484069 HTTP/1.1", upstream: "http://[::1]:4200/sockjs-node/info?t=1620077484069", host: "127.0.0.1:11500", referrer: "http://127.0.0.1:11500/productos"
2021/05/03 18:31:28 [error] 4612#2212: *311 connect() failed (10061: No se puede establecer una conexión ya que el equipo de destino denegó expresamente dicha conexión) while connecting to upstream, client: 127.0.0.1, server: localhost, request: "GET /sockjs-node/info?t=1620077484069 HTTP/1.1", upstream: "http://127.0.0.1:4200/sockjs-node/info?t=1620077484069", host: "127.0.0.1:11500", referrer: "http://127.0.0.1:11500/productos"
2021/05/03 18:35:46 [error] 4612#2212: *314 connect() failed (10061: No se puede establecer una conexión ya que el equipo de destino denegó expresamente dicha conexión) while connecting to upstream, client: 127.0.0.1, server: localhost, request: "GET /sockjs-node/info?t=1620077744305 HTTP/1.1", upstream: "http://[::1]:4200/sockjs-node/info?t=1620077744305", host: "127.0.0.1:11500", referrer: "http://127.0.0.1:11500/productos"
2021/05/03 18:35:48 [error] 4612#2212: *314 connect() failed (10061: No se puede establecer una conexión ya que el equipo de destino denegó expresamente dicha conexión) while connecting to upstream, client: 127.0.0.1, server: localhost, request: "GET /sockjs-node/info?t=1620077744305 HTTP/1.1", upstream: "http://127.0.0.1:4200/sockjs-node/info?t=1620077744305", host: "127.0.0.1:11500", referrer: "http://127.0.0.1:11500/productos"
2021/05/03 18:36:02 [error] 4612#2212: *314 connect() failed (10061: No se puede establecer una conexión ya que el equipo de destino denegó expresamente dicha conexión) while connecting to upstream, client: 127.0.0.1, server: localhost, request: "GET / HTTP/1.1", upstream: "http://[::1]:4200/", host: "127.0.0.1:11500", referrer: "http://127.0.0.1:11500/home"
